// Jest Snapshot v1, https://goo.gl/fbAQLP

exports[`ShoppingCart component matches snapshot 1`] = `
<i
  className="bi bi-cart4 position-relative fs-2"
/>
`;
